// Jest Snapshot v1, https://goo.gl/fbAQLP

exports[`Suggestions should match snapshot 1`] = `ShallowWrapper {}`;
